=================================================================
  ENRICHISSEMENT TÉLÉPHONIQUE — 118000.fr
  Source : mbt_villes.xlsx | Lignes sans téléphone
=================================================================
  Total lignes fichier    : 3000
  Lignes sans téléphone   : 1815
  Déjà traités (checkpoint): 0
  À traiter               : 1815
=================================================================
  [   1/1815] PACYL2                              94220… —
  [   2/1815] BOUCHERIE ALMADINA                  78570… OK 0139706675 (118000)
  [   3/1815] CARREFOUR HYPERMARCHES              91300… —
  [   4/1815] BOULANGERIE SAINT HILAIRE           94100… —
  [   5/1815] PANEM                               94100… —
  [   6/1815] L'ATELIER DES GOURMANDS             93160… —
  [   7/1815] HOLDING LOUISE                      60110… OK 0375419895 (118000)
  [   8/1815] AUCHAN HYPERMARCHE                  91270… —
  [   9/1815] ELIOR RESTAURATION FRANCE           92270… OK 0149970249 (118000)
  [  10/1815] AFFICAM                             75015… OK 0961451511 (118000)
  [  11/1815] BK BERCY                            78190… —
  [  12/1815] GONESDIS                            95500… OK 0139856188 (118000)
  [  13/1815] AUCHAN HYPERMARCHE                  78140… —
  [  14/1815] CARREFOUR HYPERMARCHES              94000… —
  [  15/1815] CARREFOUR HYPERMARCHES              91940… —
  [  16/1815] CARREFOUR HYPERMARCHES              78360… —
  [  17/1815] BONNEUIL EXPLOITATION               94380… OK 0964412702 (118000)
  [  18/1815] SOCIETE D'EXPLOITATION DE LA GRANDE 75007… —
  [  19/1815] AUCHAN HYPERMARCHE                  77240… —
  [  20/1815] AUCHAN HYPERMARCHE                  78310… —
  [  21/1815] AUCHAN HYPERMARCHE                  78370… —
  [  22/1815] AUCHAN HYPERMARCHE                  77700… —
  [  23/1815] AUCHAN HYPERMARCHE                  91140… —
  [  24/1815] CARREFOUR HYPERMARCHES              91100… —
  [  25/1815] CARREFOUR HYPERMARCHES              91700… —
  [  26/1815] CARREFOUR HYPERMARCHES              77340… 