[09:02:47] Monitoring démarré
[09:02:47] Script TERMINÉ — 175/1815 | Enrichis: 34
DONE
[09:02:50] Fichier final poussé — 34 enrichis
[09:03:24] Monitoring démarré
[09:03:25] En cours —  | Enrichis: 34
[09:06:25] En cours —  | Enrichis: 45
[09:09:25] En cours —  | Enrichis: 58
[09:09:50] Monitoring démarré

======================================
  RECAP — 300 contacts traités
  Numéros trouvés : 71
  Taux : 23.6%
  Derniers numéros trouvés :
    BOUCHERIE ALMADINA -> 0139706675
    HOLDING LOUISE -> 0375419895
    ELIOR RESTAURATION FRANCE -> 0149970249
    AFFICAM -> 0961451511
    GONESDIS -> 0139856188
    BONNEUIL EXPLOITATION -> 0964412702
    "MONOPRIX EXPLOITATION ->  PAR ABREVIATION M"
    MONTEDIS -> 0164770230
    PLESSIS DIS -> 0344216519
    RUEIL MALMAISON DISTRIBUTION -> 0610195286
    FRAIS COURNEUVE -> 0148351292
    "MONOPRIX EXPLOITATION ->  PAR ABREVIATION M"
    "MONOPRIX EXPLOITATION ->  PAR ABREVIATION M"
    VILAUMAG -> 0375299532
    PLESSIS DIS -> 0344216519
    FREDEC -> 0231469650
    MONTGERON-DIS -> 0169834800
    EDEN DISTRIBUTION -> 0148119160
    "MONOPRIX EXPLOITATION ->  PAR ABREVIATION M"
    "MONOPRIX EXPLOITATION ->  PAR ABREVIATION M"
    "MONOPRIX EXPLOITATION ->  PAR ABREVIATION M"
    "MONOPRIX EXPLOITATION ->  PAR ABREVIATION M"
    "MONOPRIX EXPLOITATION ->  PAR ABREVIATION M"
    OMC 77 -> 0148205457
    GEFICAR -> 0139702062
    LEAPOL -> 0169010895
    "MONOPRIX EXPLOITATION ->  PAR ABREVIATION M"
    "MONOPRIX EXPLOITATION ->  PAR ABREVIATION M"
    "MONOPRIX EXPLOITATION ->  PAR ABREVIATION M"
    "MONOPRIX EXPLOITATION ->  PAR ABREVIATION M"
    "MONOPRIX EXPLOITATION ->  PAR ABREVIATION M"
    LINEFAU -> 0964410802
    AUBINS SAINT PRIX -> 0134274848
    DELMARCHE -> 0130416903
    URBLET -> 0561565493
    BOUM BURGER -> 0561407773
    MURETAL -> 0562862665
    PAULHANI -> 0562137452
    MONTRABE DISTRIBUTION -> 0562107030
    CANSTEL -> 0561706676
    DISTRILYS -> 0561761507
    LCDH 31170 -> 0561862796
    ANSEE -> 0254710995
    SETOP -> 0561712599
    MAISON GARCIA -> 0534527952
    BOUCHERIE HAMMAMET II -> 0534564881
    ESPACE TOY -> 0561618300
    G SYSTEMS -> 0534472389
    VISIONDISTRI -> 0561211904
    ALDI MARCHE TOULOUSE -> 0534656912
    ALDI MARCHE TOULOUSE -> 0534656912
    PROXIDELICE -> 0561388048
    CITYLET -> 0561803650
    2R DISTRI -> 0534336835
    AGDV DIFFUSION -> 0562139665
    ALDI MARCHE TOULOUSE -> 0534656912
    ALDI MARCHE TOULOUSE -> 0534656912
    DEUX CHAVANNE CHARCUTIER -> 0966928815
    MAISON PARDAILHE -> 0562480229
    OLIPHEN -> 0561423333
    LABORATOIRE ABIOCOM -> 0467743841
    HUERTA CATALANA -> 0562248989
    ALDI MARCHE TOULOUSE -> 0534656912
    ALDI MARCHE TOULOUSE -> 0534656912
    AU VIEUX PORTO -> 0536895570
    JUCEL -> 0561829652
    ORMEAU DIS -> 0562160106
    EYMET VILLAGE -> 0562079860
    CKE DISTRIB -> 0561149192
    COZNEK -> 0562161349
    BIO MINIMES -> 0534420156
======================================

[09:09:50] En cours —  | Enrichis: 71 / 300 traités
